OK
OK
OK
OK
OK
OK
OK
OK
OK
OK
OK
OK
OK
OK
OK
OK
OK
OK
OK
OK
OK
OK
OK
OK
OK
OK
OK
OK
OK
OK
OK
OK
OK
OK
54 53 52 51 50 4
OK
OK
OK
OK
OK
OK
OK
OK
100000 90000 80000
NONE
OK
OK
OK
OK
OK
OK
OK
OK
OK
OK
OK
OK
OK
OK
OK
45 40 34 33 32 31 30 25 23 22 21 20
NONE
100000 90000 80000 54 53 52 51 50 45 40
OK
600 500 475 450 400 54 53 52 51 50
OK
OK
OK
OK
OK
45 40 34 33 32 31 30 25 15 10
OK
OK
OK
OK
