OK
OK
OK
OK
OK
OK
OK
OK
OK
OK
OK
OK
OK
OK
OK
OK
OK
OK
OK
OK
OK
OK
OK
OK
OK
303 302 301 300 216 215 205 200 150 100
303 302 301 300 216 215 205 200 150 100
303 302 301 300 216 215 205 200 150
303 302 301 300 216 215 205 200
303 302 301 300 216 215 205
303 302 301 300 216 215
303 302 301 300 216
303 302 301 300
303 302 301
303 302
303
NONE
NONE
216
216 215
216 215 175
216 215 175
303 302 301 300 205 180
303 302 301 300 205 180
303 302 301 300 205
303 302 301 300
303 302 301
303 302
303
NONE
NONE
199
199
216 215
216 215
216
NONE
NONE
216
216 214
216 214
NONE
216
216
302 301 300
302 301
302
NONE
NONE
303
303 300
303 300
205 105
205 105
205
NONE
