OK
OK
OK
OK
OK
OK
OK
OK
OK
OK
OK
OK
OK
OK
OK
OK
OK
OK
OK
OK
OK
OK
OK
OK
OK
OK
OK
OK
40 30 20 10
OK
40 30 10 3 2 1
OK
OK
OK
300 200 100
OK
200 100 40 30 10 3 2 1
OK
OK
OK
3000 2000 1000
OK
3000 2000 200 100 40 30 10 3 2 1
